[33m❯[39m Building...
[32m✔[39m Building...
Application bundle generation failed. [2.879 seconds] - 2026-01-20T09:09:02.279Z

[1m[33m[33m▲ [43;33m[[43;30mWARNING[43;33m][0m [1mNG8113: RouterLink is not used within the template of ProductsComponent[0m [1m[35m[plugin angular-compiler][0m

    src/app/components/products/products.component.ts:10:28:
[37m      10 │     imports: [CommonModule, [32mRouterLink[37m],
         ╵                             [32m~~~~~~~~~~[0m


[33m▲ [43;33m[[43;30mWARNING[43;33m][0m [1mDeprecation[0m [1m[35m[plugin angular-sass][0m

    src/app/scss/03_global/_font-size.scss:5:25:
[37m      5 │   @for $i from 1 through [32m[37mlength(utilities.$font-size) {
        ╵                          [32m^[0m


  Global built-in functions are deprecated and will be removed in Dart Sass 3.0.0.
  Use list.length instead.
  
  More info and automated migrator: [4mhttps://sass-lang.com/d/import[0m

  The plugin "angular-sass" was triggered by this import

    angular:styles/global:styles:1:8:
[37m      1 │ @import [32m'src/styles.scss'[37m;
        ╵         [32m~~~~~~~~~~~~~~~~~[0m


[33m▲ [43;33m[[43;30mWARNING[43;33m][0m [1mDeprecation[0m [1m[35m[plugin angular-sass][0m

    src/app/scss/03_global/_font-size.scss:11:23:
[37m      11 │ @for $i from 1 through [32m[37mlength(utilities.$font-size) {
         ╵                        [32m^[0m


  Global built-in functions are deprecated and will be removed in Dart Sass 3.0.0.
  Use list.length instead.
  
  More info and automated migrator: [4mhttps://sass-lang.com/d/import[0m

  The plugin "angular-sass" was triggered by this import

    angular:styles/global:styles:1:8:
[37m      1 │ @import [32m'src/styles.scss'[37m;
        ╵         [32m~~~~~~~~~~~~~~~~~[0m


[33m▲ [43;33m[[43;30mWARNING[43;33m][0m [1mDeprecation[0m [1m[35m[plugin angular-sass][0m

    src/app/scss/03_global/_margin.scss:5:25:
[37m      5 │   @for $i from 1 through [32m[37mlength(utilities.$margin) {
        ╵                          [32m^[0m


  Global built-in functions are deprecated and will be removed in Dart Sass 3.0.0.
  Use list.length instead.
  
  More info and automated migrator: [4mhttps://sass-lang.com/d/import[0m

  The plugin "angular-sass" was triggered by this import

    angular:styles/global:styles:1:8:
[37m      1 │ @import [32m'src/styles.scss'[37m;
        ╵         [32m~~~~~~~~~~~~~~~~~[0m


[33m▲ [43;33m[[43;30mWARNING[43;33m][0m [1mDeprecation[0m [1m[35m[plugin angular-sass][0m

    src/app/scss/03_global/_margin.scss:11:23:
[37m      11 │ @for $i from 1 through [32m[37mlength(utilities.$margin) {
         ╵                        [32m^[0m


  Global built-in functions are deprecated and will be removed in Dart Sass 3.0.0.
  Use list.length instead.
  
  More info and automated migrator: [4mhttps://sass-lang.com/d/import[0m

  The plugin "angular-sass" was triggered by this import

    angular:styles/global:styles:1:8:
[37m      1 │ @import [32m'src/styles.scss'[37m;
        ╵         [32m~~~~~~~~~~~~~~~~~[0m


[33m▲ [43;33m[[43;30mWARNING[43;33m][0m [1mDeprecation[0m [1m[35m[plugin angular-sass][0m

    src/app/scss/03_global/_padding.scss:5:25:
[37m      5 │   @for $i from 1 through [32m[37mlength(utilities.$padding) {
        ╵                          [32m^[0m


  Global built-in functions are deprecated and will be removed in Dart Sass 3.0.0.
  Use list.length instead.
  
  More info and automated migrator: [4mhttps://sass-lang.com/d/import[0m

  The plugin "angular-sass" was triggered by this import

    angular:styles/global:styles:1:8:
[37m      1 │ @import [32m'src/styles.scss'[37m;
        ╵         [32m~~~~~~~~~~~~~~~~~[0m


[33m▲ [43;33m[[43;30mWARNING[43;33m][0m [1m5 repetitive deprecation warnings omitted.
Run in verbose mode to see all warnings.[0m [1m[35m[plugin angular-sass][0m

    angular:styles/global:styles:1:8:
[37m      1 │ @import [32m'src/styles.scss'[37m;
        ╵         [32m~~~~~~~~~~~~~~~~~[0m

  null

[39m[22m
[1m[31m[31mX [41;31m[[41;97mERROR[41;31m][0m [1mNG5002: Parser Error: Unexpected token 'assets/placeholder-product.png' at column 18 in [product.imageUrl 'assets/placeholder-product.png'] in C:\Users\10747308\VetandGo\tienda\tienda-front\vetandgo\src\app\components\products\products.component.html@41:32[0m [1m[35m[plugin angular-compiler][0m

    src/app/components/products/products.component.html:42:32:
[37m      42 │ ...mg [src]="[32mproduct.imageUrl 'assets/placeholder-product.png'[37m" al...
         ╵              [32m~~~~~~~~~~~~~~~~~~~~~~~~~~~~~~~~~~~~~~~~~~~~~~~~~[0m

  Error occurs in the template of component ProductsComponent.

    src/app/components/products/products.component.ts:11:17:
[37m      11 │     templateUrl: [32m'./products.component.html'[37m,
         ╵                  [32m~~~~~~~~~~~~~~~~~~~~~~~~~~~[0m

[39m[22m
