
> vetandgo@0.0.0 build
> ng build

Node.js version v25.2.1 detected.
Odd numbered Node.js versions will not enter LTS status and should not be used for production. For more information, please see https://nodejs.org/en/about/previous-releases/.
[baseline-browser-mapping] The data in this module is over two months old.  To ensure accurate Baseline data, please update: `npm i baseline-browser-mapping@latest -D`
❯ Building...
✔ Building...
Application bundle generation failed. [6.916 seconds] - 2026-02-10T11:50:34.919Z

[33m▲ [43;33m[[43;30mWARNING[43;33m][0m [1mDeprecation[0m [1m[35m[plugin angular-sass][0m

    src/app/scss/03_global/_font-size.scss:5:25:
[37m      5 │   @for $i from 1 through [32m[37mlength(utilities.$font-size) {
        ╵                          [32m^[0m


  Global built-in functions are deprecated and will be removed in Dart Sass 3.0.0.
  Use list.length instead.
  
  More info and automated migrator: [4mhttps://sass-lang.com/d/import[0m

  The plugin "angular-sass" was triggered by this import

    angular:styles/global:styles:1:8:
[37m      1 │ @import [32m'src/styles.scss'[37m;
        ╵         [32m~~~~~~~~~~~~~~~~~[0m


[33m▲ [43;33m[[43;30mWARNING[43;33m][0m [1mDeprecation[0m [1m[35m[plugin angular-sass][0m

    src/app/scss/03_global/_font-size.scss:11:23:
[37m      11 │ @for $i from 1 through [32m[37mlength(utilities.$font-size) {
         ╵                        [32m^[0m


  Global built-in functions are deprecated and will be removed in Dart Sass 3.0.0.
  Use list.length instead.
  
  More info and automated migrator: [4mhttps://sass-lang.com/d/import[0m

  The plugin "angular-sass" was triggered by this import

    angular:styles/global:styles:1:8:
[37m      1 │ @import [32m'src/styles.scss'[37m;
        ╵         [32m~~~~~~~~~~~~~~~~~[0m


[33m▲ [43;33m[[43;30mWARNING[43;33m][0m [1mDeprecation[0m [1m[35m[plugin angular-sass][0m

    src/app/scss/03_global/_margin.scss:5:25:
[37m      5 │   @for $i from 1 through [32m[37mlength(utilities.$margin) {
        ╵                          [32m^[0m


  Global built-in functions are deprecated and will be removed in Dart Sass 3.0.0.
  Use list.length instead.
  
  More info and automated migrator: [4mhttps://sass-lang.com/d/import[0m

  The plugin "angular-sass" was triggered by this import

    angular:styles/global:styles:1:8:
[37m      1 │ @import [32m'src/styles.scss'[37m;
        ╵         [32m~~~~~~~~~~~~~~~~~[0m


[33m▲ [43;33m[[43;30mWARNING[43;33m][0m [1mDeprecation[0m [1m[35m[plugin angular-sass][0m

    src/app/scss/03_global/_margin.scss:11:23:
[37m      11 │ @for $i from 1 through [32m[37mlength(utilities.$margin) {
         ╵                        [32m^[0m


  Global built-in functions are deprecated and will be removed in Dart Sass 3.0.0.
  Use list.length instead.
  
  More info and automated migrator: [4mhttps://sass-lang.com/d/import[0m

  The plugin "angular-sass" was triggered by this import

    angular:styles/global:styles:1:8:
[37m      1 │ @import [32m'src/styles.scss'[37m;
        ╵         [32m~~~~~~~~~~~~~~~~~[0m


[33m▲ [43;33m[[43;30mWARNING[43;33m][0m [1mDeprecation[0m [1m[35m[plugin angular-sass][0m

    src/app/scss/03_global/_padding.scss:5:25:
[37m      5 │   @for $i from 1 through [32m[37mlength(utilities.$padding) {
        ╵                          [32m^[0m


  Global built-in functions are deprecated and will be removed in Dart Sass 3.0.0.
  Use list.length instead.
  
  More info and automated migrator: [4mhttps://sass-lang.com/d/import[0m

  The plugin "angular-sass" was triggered by this import

    angular:styles/global:styles:1:8:
[37m      1 │ @import [32m'src/styles.scss'[37m;
        ╵         [32m~~~~~~~~~~~~~~~~~[0m


[33m▲ [43;33m[[43;30mWARNING[43;33m][0m [1m5 repetitive deprecation warnings omitted.
Run in verbose mode to see all warnings.[0m [1m[35m[plugin angular-sass][0m

    angular:styles/global:styles:1:8:
[37m      1 │ @import [32m'src/styles.scss'[37m;
        ╵         [32m~~~~~~~~~~~~~~~~~[0m

  null


[31m✘ [41;31m[[41;97mERROR[41;31m][0m [1mTS2345: Argument of type 'number | undefined' is not assignable to parameter of type 'number'.
  Type 'undefined' is not assignable to type 'number'.[0m [1m[35m[plugin angular-compiler][0m

    src/app/components/orders/orders.ts:41:38:
[37m      41 │     this.orderService.getOrdersByUser([32muser.id[37m).subscribe({
         ╵                                       [32m~~~~~~~[0m


