[33m❯[39m Building...
[32m✔[39m Building...
[1mInitial chunk files[22m  [2m | [22m[1mNames[22m        [2m | [22m [1mRaw size[22m[2m | [22m[1mEstimated transfer size[22m
[32mmain-HDLICUNR.js[39m     [2m | [22m[2mmain[22m         [2m | [22m[36m316.01 kB[39m[2m | [22m               [36m80.84 kB[39m
[32mpolyfills-5CFQRCPP.js[39m[2m | [22m[2mpolyfills[22m    [2m | [22m [36m34.59 kB[39m[2m | [22m               [36m11.33 kB[39m
[32mstyles-EFYNLOY7.css[39m  [2m | [22m[2mstyles[22m       [2m | [22m [36m27.04 kB[39m[2m | [22m                [36m2.58 kB[39m

[1m [22m                    [2m | [22m[1mInitial total[22m[2m | [22m[1m377.64 kB[22m[2m | [22m               [1m94.75 kB[22m

Application bundle generation complete. [2.456 seconds] - 2026-01-20T09:22:48.019Z

[1m[33m[33m▲ [43;33m[[43;30mWARNING[43;33m][0m [1mNG8113: RouterLink is not used within the template of ProductsComponent[0m [1m[35m[plugin angular-compiler][0m

    src/app/components/products/products.component.ts:10:28:
[37m      10 │     imports: [CommonModule, [32mRouterLink[37m],
         ╵                             [32m~~~~~~~~~~[0m


[33m▲ [43;33m[[43;30mWARNING[43;33m][0m [1mDeprecation[0m [1m[35m[plugin angular-sass][0m

    src/app/scss/03_global/_font-size.scss:5:25:
[37m      5 │   @for $i from 1 through [32m[37mlength(utilities.$font-size) {
        ╵                          [32m^[0m


  Global built-in functions are deprecated and will be removed in Dart Sass 3.0.0.
  Use list.length instead.
  
  More info and automated migrator: [4mhttps://sass-lang.com/d/import[0m

  The plugin "angular-sass" was triggered by this import

    angular:styles/global:styles:1:8:
[37m      1 │ @import [32m'src/styles.scss'[37m;
        ╵         [32m~~~~~~~~~~~~~~~~~[0m


[33m▲ [43;33m[[43;30mWARNING[43;33m][0m [1mDeprecation[0m [1m[35m[plugin angular-sass][0m

    src/app/scss/03_global/_font-size.scss:11:23:
[37m      11 │ @for $i from 1 through [32m[37mlength(utilities.$font-size) {
         ╵                        [32m^[0m


  Global built-in functions are deprecated and will be removed in Dart Sass 3.0.0.
  Use list.length instead.
  
  More info and automated migrator: [4mhttps://sass-lang.com/d/import[0m

  The plugin "angular-sass" was triggered by this import

    angular:styles/global:styles:1:8:
[37m      1 │ @import [32m'src/styles.scss'[37m;
        ╵         [32m~~~~~~~~~~~~~~~~~[0m


[33m▲ [43;33m[[43;30mWARNING[43;33m][0m [1mDeprecation[0m [1m[35m[plugin angular-sass][0m

    src/app/scss/03_global/_margin.scss:5:25:
[37m      5 │   @for $i from 1 through [32m[37mlength(utilities.$margin) {
        ╵                          [32m^[0m


  Global built-in functions are deprecated and will be removed in Dart Sass 3.0.0.
  Use list.length instead.
  
  More info and automated migrator: [4mhttps://sass-lang.com/d/import[0m

  The plugin "angular-sass" was triggered by this import

    angular:styles/global:styles:1:8:
[37m      1 │ @import [32m'src/styles.scss'[37m;
        ╵         [32m~~~~~~~~~~~~~~~~~[0m


[33m▲ [43;33m[[43;30mWARNING[43;33m][0m [1mDeprecation[0m [1m[35m[plugin angular-sass][0m

    src/app/scss/03_global/_margin.scss:11:23:
[37m      11 │ @for $i from 1 through [32m[37mlength(utilities.$margin) {
         ╵                        [32m^[0m


  Global built-in functions are deprecated and will be removed in Dart Sass 3.0.0.
  Use list.length instead.
  
  More info and automated migrator: [4mhttps://sass-lang.com/d/import[0m

  The plugin "angular-sass" was triggered by this import

    angular:styles/global:styles:1:8:
[37m      1 │ @import [32m'src/styles.scss'[37m;
        ╵         [32m~~~~~~~~~~~~~~~~~[0m


[33m▲ [43;33m[[43;30mWARNING[43;33m][0m [1mDeprecation[0m [1m[35m[plugin angular-sass][0m

    src/app/scss/03_global/_padding.scss:5:25:
[37m      5 │   @for $i from 1 through [32m[37mlength(utilities.$padding) {
        ╵                          [32m^[0m


  Global built-in functions are deprecated and will be removed in Dart Sass 3.0.0.
  Use list.length instead.
  
  More info and automated migrator: [4mhttps://sass-lang.com/d/import[0m

  The plugin "angular-sass" was triggered by this import

    angular:styles/global:styles:1:8:
[37m      1 │ @import [32m'src/styles.scss'[37m;
        ╵         [32m~~~~~~~~~~~~~~~~~[0m


[33m▲ [43;33m[[43;30mWARNING[43;33m][0m [1m5 repetitive deprecation warnings omitted.
Run in verbose mode to see all warnings.[0m [1m[35m[plugin angular-sass][0m

    angular:styles/global:styles:1:8:
[37m      1 │ @import [32m'src/styles.scss'[37m;
        ╵         [32m~~~~~~~~~~~~~~~~~[0m

  null


[33m▲ [43;33m[[43;30mWARNING[43;33m][0m [1msrc/app/components/register/register.component.scss exceeded maximum budget. Budget 4.00 kB was not met by 1.10 kB with a total of 5.10 kB.[0m


[33m▲ [43;33m[[43;30mWARNING[43;33m][0m [1msrc/app/components/login/login.component.scss exceeded maximum budget. Budget 4.00 kB was not met by 895 bytes with a total of 4.89 kB.[0m

[39m[22m
Output location: C:\Users\10747308\VetandGo\tienda\tienda-front\vetandgo\dist\vetandgo

